[drivez.app/index.html]
[backblue.gif]
[fade.gif]
[index.html]
[drivez.app/images/favicon.ico]
[drivez.app/css/bootstrap.min.css]
[drivez.app/css/swiper-bundle.min.css]
[unpkg.com/aos@next/dist/aos.3.delayed]
[unpkg.com/aos@3.0.0-beta.6/dist/aos.css]
[drivez.app/css/styles.css]
[drivez.app/images/logo2.png]
[drivez.app/images/icons/icon-menu.svg]
[drivez.app/images/icons/close.svg]
[drivez.app/images/banner.mp4]
[drivez.app/images/icons/btn-applestore.svg]
[drivez.app/images/icons/btn-chplay.svg]
[drivez.app/images/app-slides-01.png]
[drivez.app/images/app-slides-02.png]
[drivez.app/images/app-slides-03.png]
[drivez.app/images/app-slides-04.png]
[drivez.app/images/app-slides-05.png]
[drivez.app/images/icons/arrow-right.svg]
[drivez.app/images/220509_CARS-08.png]
[drivez.app/images/220509_CARS-09.png]
[drivez.app/images/220509_CARS-10.png]
[drivez.app/images/220509_CARS-11.png]
[drivez.app/images/220509_CARS-12.png]
[drivez.app/images/220509_CARS-13.png]
[drivez.app/images/220509_CARS-14.png]
[drivez.app/images/drive-to-earn-01.png]
[drivez.app/images/roadmap.png]
[drivez.app/images/ava1.png]
[drivez.app/images/icons/linkedIn.svg]
[drivez.app/images/ava2.png]
[drivez.app/images/ava3.png]
[drivez.app/images/ava9.png]
[drivez.app/images/ava4.png]
[drivez.app/images/ava5.png]
[drivez.app/images/ava6.png]
[drivez.app/images/ava7.png]
[drivez.app/images/ava8.png]
[drivez.app/images/backers/gamestarter.png]
[drivez.app/images/backers/daostarter.png]
[drivez.app/images/backers/trustfi.png]
[drivez.app/images/backers/marspad.png]
[drivez.app/images/backers/pinksale.png]
[drivez.app/images/backers/gamerhub.png]
[drivez.app/images/backers/gameon.png]
[drivez.app/images/backers/k24.png]
[drivez.app/images/backers/avatardao.png]
[drivez.app/images/backers/gvn.png]
[drivez.app/images/icons/telegram.svg]
[drivez.app/images/icons/facebook.svg]
[drivez.app/images/icons/twitter.svg]
[drivez.app/images/icons/reddit.svg]
[drivez.app/images/icons/discord.svg]
[drivez.app/images/icons/youtube.svg]
[drivez.app/images/icons/medium.svg]
[drivez.app/images/icons/linktree.svg]
[drivez.app/terms-and-conditions.html]
[drivez.app/privacy-policy.html]
[drivez.app/js/bootstrap.bundle.min.js]
[drivez.app/js/jquery-3.6.0.min.js]
[drivez.app/js/swiper-bundle.min.js]
[unpkg.com/aos@next/dist/aos.js]
[unpkg.com/aos@3.0.0-beta.6/dist/aos.js]
[drivez.app/index.html]
[drivez.app/css/bootstrap.min.css]
[drivez.app/css/swiper-bundle.min.css]
[unpkg.com/aos@3.0.0-beta.6/dist/aos.css]
[drivez.app/js/scripts.js]
[drivez.app/images/ellipse.svg]
[drivez.app/images/ellipse2.svg]
[drivez.app/images/bg-footer.png]
[drivez.app/css/styles.css]
[drivez.app/images/icons/icon-menu.svg]
[drivez.app/images/icons/close.svg]
[drivez.app/images/icons/btn-applestore.svg]
[drivez.app/images/icons/btn-chplay.svg]
[drivez.app/images/icons/arrow-right.svg]
[drivez.app/images/icons/linkedIn.svg]
[drivez.app/images/icons/telegram.svg]
[drivez.app/images/icons/facebook.svg]
[drivez.app/images/icons/twitter.svg]
[drivez.app/images/icons/reddit.svg]
[drivez.app/images/icons/discord.svg]
[drivez.app/images/icons/youtube.svg]
[drivez.app/images/icons/medium.svg]
[drivez.app/images/icons/linktree.svg]
[drivez.app/terms-and-conditions.html]
[drivez.app/cdn-cgi/l/email-protection.html]
[drivez.app/privacy-policy.html]
[drivez.app/images/ellipse.svg]
[drivez.app/images/ellipse2.svg]
[drivez.app/cdn-cgi/l/email-protection.html]
[drivez.app/cdn-cgi/scripts/5c5dd728/cloudflare-static/email-decode.min.js]
